------------------------------------------------------------
TimeQuest Timing Analyzer Summary
------------------------------------------------------------

Type  : Slow 1200mV 85C Model Setup 'u_pll|altpll_component|auto_generated|pll1|clk[0]'
Slack : 1.389
TNS   : 0.000

Type  : Slow 1200mV 85C Model Setup 'cam_pclk'
Slack : 3.714
TNS   : 0.000

Type  : Slow 1200mV 85C Model Setup 'u_pll|altpll_component|auto_generated|pll1|clk[2]'
Slack : 7.461
TNS   : 0.000

Type  : Slow 1200mV 85C Model Hold 'u_pll|altpll_component|auto_generated|pll1|clk[2]'
Slack : 0.140
TNS   : 0.000

Type  : Slow 1200mV 85C Model Hold 'cam_pclk'
Slack : 1.545
TNS   : 0.000

Type  : Slow 1200mV 85C Model Hold 'u_pll|altpll_component|auto_generated|pll1|clk[0]'
Slack : 2.155
TNS   : 0.000

Type  : Slow 1200mV 85C Model Recovery 'cam_pclk'
Slack : 6.680
TNS   : 0.000

Type  : Slow 1200mV 85C Model Recovery 'u_pll|altpll_component|auto_generated|pll1|clk[2]'
Slack : 8.002
TNS   : 0.000

Type  : Slow 1200mV 85C Model Removal 'u_pll|altpll_component|auto_generated|pll1|clk[2]'
Slack : -0.162
TNS   : -1.782

Type  : Slow 1200mV 85C Model Removal 'cam_pclk'
Slack : 1.604
TNS   : 0.000

Type  : Slow 1200mV 85C Model Minimum Pulse Width 'u_pll|altpll_component|auto_generated|pll1|clk[2]'
Slack : 4.608
TNS   : 0.000

Type  : Slow 1200mV 85C Model Minimum Pulse Width 'u_pll|altpll_component|auto_generated|pll1|clk[0]'
Slack : 4.703
TNS   : 0.000

Type  : Slow 1200mV 85C Model Minimum Pulse Width 'cam_pclk'
Slack : 9.616
TNS   : 0.000

Type  : Slow 1200mV 85C Model Minimum Pulse Width 'sys_clk'
Slack : 9.934
TNS   : 0.000

Type  : Slow 1200mV 0C Model Setup 'u_pll|altpll_component|auto_generated|pll1|clk[0]'
Slack : 1.898
TNS   : 0.000

Type  : Slow 1200mV 0C Model Setup 'cam_pclk'
Slack : 3.857
TNS   : 0.000

Type  : Slow 1200mV 0C Model Setup 'u_pll|altpll_component|auto_generated|pll1|clk[2]'
Slack : 7.647
TNS   : 0.000

Type  : Slow 1200mV 0C Model Hold 'u_pll|altpll_component|auto_generated|pll1|clk[2]'
Slack : 0.053
TNS   : 0.000

Type  : Slow 1200mV 0C Model Hold 'cam_pclk'
Slack : 1.388
TNS   : 0.000

Type  : Slow 1200mV 0C Model Hold 'u_pll|altpll_component|auto_generated|pll1|clk[0]'
Slack : 1.933
TNS   : 0.000

Type  : Slow 1200mV 0C Model Recovery 'cam_pclk'
Slack : 6.848
TNS   : 0.000

Type  : Slow 1200mV 0C Model Recovery 'u_pll|altpll_component|auto_generated|pll1|clk[2]'
Slack : 8.153
TNS   : 0.000

Type  : Slow 1200mV 0C Model Removal 'u_pll|altpll_component|auto_generated|pll1|clk[2]'
Slack : -0.223
TNS   : -2.901

Type  : Slow 1200mV 0C Model Removal 'cam_pclk'
Slack : 1.516
TNS   : 0.000

Type  : Slow 1200mV 0C Model Minimum Pulse Width 'u_pll|altpll_component|auto_generated|pll1|clk[2]'
Slack : 4.452
TNS   : 0.000

Type  : Slow 1200mV 0C Model Minimum Pulse Width 'u_pll|altpll_component|auto_generated|pll1|clk[0]'
Slack : 4.666
TNS   : 0.000

Type  : Slow 1200mV 0C Model Minimum Pulse Width 'cam_pclk'
Slack : 9.496
TNS   : 0.000

Type  : Slow 1200mV 0C Model Minimum Pulse Width 'sys_clk'
Slack : 9.943
TNS   : 0.000

Type  : Fast 1200mV 0C Model Setup 'u_pll|altpll_component|auto_generated|pll1|clk[0]'
Slack : 6.394
TNS   : 0.000

Type  : Fast 1200mV 0C Model Setup 'cam_pclk'
Slack : 7.121
TNS   : 0.000

Type  : Fast 1200mV 0C Model Setup 'u_pll|altpll_component|auto_generated|pll1|clk[2]'
Slack : 8.761
TNS   : 0.000

Type  : Fast 1200mV 0C Model Hold 'u_pll|altpll_component|auto_generated|pll1|clk[2]'
Slack : 0.090
TNS   : 0.000

Type  : Fast 1200mV 0C Model Hold 'cam_pclk'
Slack : 0.581
TNS   : 0.000

Type  : Fast 1200mV 0C Model Hold 'u_pll|altpll_component|auto_generated|pll1|clk[0]'
Slack : 0.931
TNS   : 0.000

Type  : Fast 1200mV 0C Model Recovery 'cam_pclk'
Slack : 8.486
TNS   : 0.000

Type  : Fast 1200mV 0C Model Recovery 'u_pll|altpll_component|auto_generated|pll1|clk[2]'
Slack : 8.914
TNS   : 0.000

Type  : Fast 1200mV 0C Model Removal 'u_pll|altpll_component|auto_generated|pll1|clk[2]'
Slack : 0.016
TNS   : 0.000

Type  : Fast 1200mV 0C Model Removal 'cam_pclk'
Slack : 0.627
TNS   : 0.000

Type  : Fast 1200mV 0C Model Minimum Pulse Width 'u_pll|altpll_component|auto_generated|pll1|clk[2]'
Slack : 4.578
TNS   : 0.000

Type  : Fast 1200mV 0C Model Minimum Pulse Width 'u_pll|altpll_component|auto_generated|pll1|clk[0]'
Slack : 4.734
TNS   : 0.000

Type  : Fast 1200mV 0C Model Minimum Pulse Width 'cam_pclk'
Slack : 9.346
TNS   : 0.000

Type  : Fast 1200mV 0C Model Minimum Pulse Width 'sys_clk'
Slack : 9.594
TNS   : 0.000

------------------------------------------------------------
